
  .   ____          _            __ _ _
 /\\ / ___'_ __ _ _(_)_ __  __ _ \ \ \ \
( ( )\___ | '_ | '_| | '_ \/ _` | \ \ \ \
 \\/  ___)| |_)| | | | | || (_| |  ) ) ) )
  '  |____| .__|_| |_|_| |_\__, | / / / /
 =========|_|==============|___/=/_/_/_/

 :: Spring Boot ::                (v3.3.4)

2026-08-29T10:01:56.122+08:00  INFO 22440 --- [career-core] [           main] c.r.careercore.CareerCoreApplication     : Starting CareerCoreApplication v0.0.1-SNAPSHOT using Java 17.0.20 with PID 22440 (D:\Zht20241287\career-planner\career-core\target\career-core-0.0.1-SNAPSHOT.jar started by uio8k in D:\Zht20241287\career-planner)
2026-08-29T10:01:56.122+08:00  INFO 22440 --- [career-core] [           main] c.r.careercore.CareerCoreApplication     : No active profile set, falling back to 1 default profile: "local"
2026-08-29T10:01:58.247+08:00  INFO 22440 --- [career-core] [           main] o.s.b.w.embedded.tomcat.TomcatWebServer  : Tomcat initialized with port 8080 (http)
2026-08-29T10:01:58.268+08:00  INFO 22440 --- [career-core] [           main] o.apache.catalina.core.StandardService   : Starting service [Tomcat]
2026-08-29T10:01:58.268+08:00  INFO 22440 --- [career-core] [           main] o.apache.catalina.core.StandardEngine    : Starting Servlet engine: [Apache Tomcat/10.1.30]
2026-08-29T10:01:58.351+08:00  INFO 22440 --- [career-core] [           main] o.a.c.c.C.[Tomcat].[localhost].[/]       : Initializing Spring embedded WebApplicationContext
2026-08-29T10:01:58.351+08:00  INFO 22440 --- [career-core] [           main] w.s.c.ServletWebServerApplicationContext : Root WebApplicationContext: initialization completed in 2166 ms
2026-08-29T10:01:58.510+08:00  INFO 22440 --- [career-core] [           main] com.zaxxer.hikari.HikariDataSource       : HikariPool-1 - Starting...
2026-08-29T10:01:58.886+08:00  INFO 22440 --- [career-core] [           main] com.zaxxer.hikari.pool.HikariPool        : HikariPool-1 - Added connection com.mysql.cj.jdbc.ConnectionImpl@44b940a2
2026-08-29T10:01:58.893+08:00  INFO 22440 --- [career-core] [           main] com.zaxxer.hikari.HikariDataSource       : HikariPool-1 - Start completed.
2026-08-29T10:02:01.219+08:00  INFO 22440 --- [career-core] [           main] o.s.b.a.w.s.WelcomePageHandlerMapping    : Adding welcome page: class path resource [static/index.html]
2026-08-29T10:02:02.094+08:00  INFO 22440 --- [career-core] [           main] o.s.b.w.embedded.tomcat.TomcatWebServer  : Tomcat started on port 8080 (http) with context path '/'
2026-08-29T10:02:02.121+08:00  INFO 22440 --- [career-core] [           main] c.r.careercore.CareerCoreApplication     : Started CareerCoreApplication in 6.59 seconds (process running for 7.127)
2026-08-29T10:04:39.330+08:00  INFO 22440 --- [career-core] [nio-8080-exec-3] o.a.c.c.C.[Tomcat].[localhost].[/]       : Initializing Spring DispatcherServlet 'dispatcherServlet'
2026-08-29T10:04:39.330+08:00  INFO 22440 --- [career-core] [nio-8080-exec-3] o.s.web.servlet.DispatcherServlet        : Initializing Servlet 'dispatcherServlet'
2026-08-29T10:04:39.345+08:00  INFO 22440 --- [career-core] [nio-8080-exec-3] o.s.web.servlet.DispatcherServlet        : Completed initialization in 0 ms
